// Jest Snapshot v1, https://goo.gl/fbAQLP

exports[`Button should snapshot the button 1`] = `
<button>
  Hello 
  typescript test
</button>
`;
