// Jest Snapshot v1, https://goo.gl/fbAQLP

exports[`Icon Component should match snapshot 1`] = `
<FontAwesomeIcon
  border={false}
  className=""
  fixedWidth={false}
  flip={null}
  icon="spinner"
  inverse={false}
  listItem={false}
  mask={null}
  pull={null}
  pulse={false}
  rotation={null}
  size={null}
  spin={false}
  swapOpacity={false}
  symbol={false}
  title=""
  transform={null}
/>
`;
